[02:54:25] [main/INFO] (FabricLoader/GameProvider) Loading Minecraft 1.16.5 with Fabric Loader 0.19.2
[02:54:26] [main/INFO] (FabricLoader) Loading 50 mods:
	- economiesmod 1.0-SNAPSHOT
	- fabric 0.42.0+1.16
	- fabric-api-base 0.4.0+3cc0f0907d
	- fabric-api-lookup-api-v1 1.3.1+3cc0f0907d
	- fabric-biome-api-v1 3.1.13+3cc0f0907d
	- fabric-blockrenderlayer-v1 1.1.6+3cc0f0907d
	- fabric-command-api-v1 1.1.3+3cc0f0907d
	- fabric-commands-v0 0.2.3+3cc0f0907d
	- fabric-containers-v0 0.1.12+3cc0f0907d
	- fabric-content-registries-v0 0.2.5+3cc0f0907d
	- fabric-crash-report-info-v1 0.1.4+3cc0f0907d
	- fabric-dimensions-v1 2.0.8+3cc0f0907d
	- fabric-entity-events-v1 1.2.4+3cc0f0907d
	- fabric-events-interaction-v0 0.4.5+3cc0f0907d
	- fabric-events-lifecycle-v0 0.2.2+3cc0f0907d
	- fabric-game-rule-api-v1 1.0.7+3cc0f0907d
	- fabric-item-api-v1 1.2.2+3cc0f0907d
	- fabric-item-groups-v0 0.3.1+3cc0f0907d
	- fabric-key-binding-api-v1 1.0.5+3cc0f0907d
	- fabric-keybindings-v0 0.2.2+3cc0f0907d
	- fabric-lifecycle-events-v1 1.2.2+3cc0f0907d
	- fabric-loot-tables-v1 1.0.3+3cc0f0907d
	- fabric-mining-levels-v0 0.1.4+3cc0f0907d
	- fabric-models-v0 0.3.1+3cc0f0907d
	- fabric-networking-api-v1 1.0.5+3cc0f0907d
	- fabric-networking-blockentity-v0 0.2.9+3cc0f0907d
	- fabric-networking-v0 0.3.3+3cc0f0907d
	- fabric-object-builder-api-v1 1.9.6+3cc0f0907d
	- fabric-object-builders-v0 0.7.3+3cc0f0907d
	- fabric-particles-v1 0.2.5+3cc0f0907d
	- fabric-registry-sync-v0 0.7.6+3cc0f0907d
	- fabric-renderer-api-v1 0.4.5+3cc0f0907d
	- fabric-renderer-indigo 0.4.5+3cc0f0907d
	- fabric-renderer-registries-v1 2.3.1+3cc0f0907d
	- fabric-rendering-data-attachment-v1 0.1.6+3cc0f0907d
	- fabric-rendering-fluids-v1 0.1.15+3cc0f0907d
	- fabric-rendering-v0 1.1.3+3cc0f0907d
	- fabric-rendering-v1 1.6.1+3cc0f0907d
	- fabric-resource-loader-v0 0.4.8+3cc0f0907d
	- fabric-screen-api-v1 1.0.1+3cc0f0907d
	- fabric-screen-handler-api-v1 1.1.6+3cc0f0907d
	- fabric-structure-api-v1 1.1.12+3cc0f0907d
	- fabric-tag-extensions-v0 1.1.2+3cc0f0907d
	- fabric-textures-v0 1.0.7+3cc0f0907d
	- fabric-tool-attribute-api-v1 1.2.8+3cc0f0907d
	- fabric-transfer-api-v1 1.5.0+3cc0f0907d
	- fabricloader 0.19.2
	- java 8
	- minecraft 1.16.5
	- mixinextras 0.5.4
[02:54:26] [main/INFO] (FabricLoader/Mixin) SpongePowered MIXIN Subsystem Version=0.8.7 Source=file:/C:/Users/danie/.gradle/caches/modules-2/files-2.1/net.fabricmc/sponge-mixin/0.17.2+mixin.0.8.7/edf98d1d98229e46e36c61774ae2b54dcd852981/sponge-mixin-0.17.2+mixin.0.8.7.jar Service=Knot/Fabric Env=CLIENT
[02:54:26] [main/INFO] (FabricLoader/Mixin) Loaded Fabric development mappings for mixin remapper!
[02:54:26] [main/INFO] (FabricLoader/MixinExtras|Service) Initializing MixinExtras via com.llamalad7.mixinextras.service.MixinExtrasServiceImpl(version=0.5.4).
[02:54:30] [main/INFO] (Minecraft) Environment: authHost='https://authserver.mojang.com', accountsHost='https://api.mojang.com', sessionHost='https://sessionserver.mojang.com', servicesHost='https://api.minecraftservices.com', name='PROD'
[02:54:30] [main/INFO] (Minecraft) Setting user: Alice
[02:54:32] [main/INFO] (Indigo) [Indigo] Registering Indigo renderer!
[02:54:32] [main/INFO] (Minecraft) Backend library: LWJGL version 3.3.2-snapshot
[02:54:35] [main/INFO] (Minecraft) Narrator library for x64 successfully loaded
[02:54:35] [main/INFO] (Minecraft) Reloading ResourceManager: Fabric Mods (Fabric Networking API (v1), Fabric Content Registries (v0), Fabric Events Lifecycle (v0), Fabric Networking (v0), Fabric BlockRenderLayer Registration (v1), Fabric Object Builder API (v1), Fabric Rendering (v1), Fabric Networking Block Entity (v0), Fabric Renderer Registries (v1), Fabric Mining Levels (v0), Fabric Screen Handler API (v1), Fabric Loader, EconomiesMod, Fabric Transfer API (v1), Fabric Biome API (v1), Fabric Game Rule API (v1), Fabric Renderer API (v1), Fabric Rendering Fluids (v1), Fabric Events Interaction (v0), Fabric Rendering (v0), Fabric Structure API (v1), Fabric Resource Loader (v0), Fabric Screen API (v1), Fabric Models (v0), Fabric Item API (v1), Fabric Textures (v0), Fabric Item Groups (v0), Fabric Key Bindings (v0), Fabric Key Binding API (v1), Fabric Dimensions API (v1), Fabric Lifecycle Events (v1), Fabric Particles (v1), Fabric Rendering Data Attachment (v1), Fabric Object Builders (v0), Fabric Entity Events (v1), Fabric Tool Attribute API (v1), Fabric Containers (v0), Fabric Crash Report Info (v1), Fabric API Base, Fabric API Lookup API (v1), Fabric Renderer - Indigo, Fabric Registry Sync (v0), Fabric Command API (v1), Fabric Tag Extensions (v0), Fabric Loot Tables (v1), Fabric Commands (v0), Fabric API), Default, Programmer Art ()
[02:54:35] [Realms Notification Availability checker #1/INFO] (Minecraft) Could not authorize you against Realms server: java.lang.RuntimeException: Failed to parse into SignedJWT: FabricMC
[02:54:38] [main/INFO] (Minecraft) OpenAL initialized.
[02:54:38] [main/INFO] (Minecraft) Sound engine started
[02:54:38] [main/INFO] (Minecraft) Created: 1024x1024x4 minecraft:textures/atlas/blocks.png-atlas
[02:54:38] [main/INFO] (Minecraft) Created: 256x128x4 minecraft:textures/atlas/signs.png-atlas
[02:54:38] [main/INFO] (Minecraft) Created: 1024x512x4 minecraft:textures/atlas/banner_patterns.png-atlas
[02:54:38] [main/INFO] (Minecraft) Created: 1024x512x4 minecraft:textures/atlas/shield_patterns.png-atlas
[02:54:38] [main/INFO] (Minecraft) Created: 256x256x4 minecraft:textures/atlas/chest.png-atlas
[02:54:38] [main/INFO] (Minecraft) Created: 512x256x4 minecraft:textures/atlas/beds.png-atlas
[02:54:38] [main/INFO] (Minecraft) Created: 512x256x4 minecraft:textures/atlas/shulker_boxes.png-atlas
[02:54:39] [main/INFO] (Minecraft) Created: 256x256x0 minecraft:textures/atlas/particles.png-atlas
[02:54:39] [main/INFO] (Minecraft) Created: 256x256x0 minecraft:textures/atlas/paintings.png-atlas
[02:54:39] [main/INFO] (Minecraft) Created: 256x128x0 minecraft:textures/atlas/mob_effects.png-atlas
[02:54:55] [main/WARN] (Minecraft) Ambiguity between arguments [teleport, destination] and [teleport, targets] with inputs: [Player, 0123, @e, dd12be42-52a9-4a91-a8a1-11c01849e498]
[02:54:55] [main/WARN] (Minecraft) Ambiguity between arguments [teleport, location] and [teleport, destination] with inputs: [0.1 -0.5 .9, 0 0 0]
[02:54:55] [main/WARN] (Minecraft) Ambiguity between arguments [teleport, location] and [teleport, targets] with inputs: [0.1 -0.5 .9, 0 0 0]
[02:54:55] [main/WARN] (Minecraft) Ambiguity between arguments [teleport, targets] and [teleport, destination] with inputs: [Player, 0123, dd12be42-52a9-4a91-a8a1-11c01849e498]
[02:54:55] [main/WARN] (Minecraft) Ambiguity between arguments [teleport, targets, location] and [teleport, targets, destination] with inputs: [0.1 -0.5 .9, 0 0 0]
[02:54:55] [main/INFO] (Minecraft) Reloading ResourceManager: Default, Fabric Mods (Fabric Tool Attribute API (v1))
[02:54:56] [main/INFO] (Minecraft) Loaded 7 recipes
[02:54:56] [main/INFO] (Minecraft) Loaded 927 advancements
[02:54:56] [main/INFO] (BiomeModificationImpl) Applied 0 biome modifications to 0 of 79 new biomes in 1.493 ms
[02:54:56] [main/INFO] (Minecraft) Environment: authHost='https://authserver.mojang.com', accountsHost='https://api.mojang.com', sessionHost='https://sessionserver.mojang.com', servicesHost='https://api.minecraftservices.com', name='PROD'
[02:54:56] [Server thread/INFO] (Minecraft) Starting integrated minecraft server version 1.16.5
[02:54:56] [Server thread/INFO] (Minecraft) Generating keypair
[02:54:57] [Server thread/INFO] (Minecraft) Preparing start region for dimension minecraft:overworld
[02:54:57] [main/INFO] (Minecraft) Preparing spawn area: 0%
[02:54:57] [main/INFO] (Minecraft) Preparing spawn area: 0%
[02:54:59] [main/INFO] (Minecraft) Preparing spawn area: 83%
[02:54:59] [main/INFO] (Minecraft) Preparing spawn area: 83%
[02:54:59] [main/INFO] (Minecraft) Preparing spawn area: 83%
[02:54:59] [Server thread/INFO] (Minecraft) [STDOUT]: [economiesmod] identity loaded from D:\EconomiesMod\EconomiesMod\run\config\economiesmod-identity-Alice.key
[02:54:59] [Server thread/INFO] (Minecraft) [STDOUT]: [peers] loaded 9 known peers
[02:54:59] [main/INFO] (Minecraft) Time elapsed: 2258 ms
[02:54:59] [Server thread/INFO] (Minecraft) [STDOUT]: [economiesmod] local: replayed 30 events
[02:54:59] [Server thread/INFO] (Minecraft) Changing view distance to 11, from 10
[02:55:00] [Server thread/INFO] (Minecraft) Alice[local:E:f4e18942] logged in with entity id 189 at (346.11418790503, 94.0, -149.96319463069008)
[02:55:00] [Server thread/INFO] (Minecraft) Alice joined the game
[02:55:00] [Server thread/INFO] (Minecraft) Saving and pausing game...
[02:55:00] [Server thread/INFO] (Minecraft) Saving chunks for level 'ServerLevel[New World]'/minecraft:overworld
[02:55:00] [main/INFO] (Minecraft) Loaded 164 advancements
[02:55:01] [Server thread/INFO] (Minecraft) Saving chunks for level 'ServerLevel[New World]'/minecraft:the_nether
[02:55:01] [Server thread/INFO] (Minecraft) Saving chunks for level 'ServerLevel[New World]'/minecraft:the_end
[02:55:02] [Server thread/INFO] (Minecraft) Saving and pausing game...
[02:55:02] [Server thread/INFO] (Minecraft) Saving chunks for level 'ServerLevel[New World]'/minecraft:overworld
[02:55:03] [Server thread/INFO] (Minecraft) Saving chunks for level 'ServerLevel[New World]'/minecraft:the_nether
[02:55:03] [Server thread/INFO] (Minecraft) Saving chunks for level 'ServerLevel[New World]'/minecraft:the_end
[02:55:05] [Server thread/INFO] (Minecraft) Saving and pausing game...
[02:55:05] [Server thread/INFO] (Minecraft) Saving chunks for level 'ServerLevel[New World]'/minecraft:overworld
[02:55:05] [Server thread/INFO] (Minecraft) Saving chunks for level 'ServerLevel[New World]'/minecraft:the_nether
[02:55:05] [Server thread/INFO] (Minecraft) Saving chunks for level 'ServerLevel[New World]'/minecraft:the_end
[02:55:17] [Server thread/INFO] (Minecraft) [Alice: Gave 200 [Oak Log] to Alice]
[02:55:17] [main/INFO] (Minecraft) [CHAT] Gave 200 [Oak Log] to Alice
[02:55:21] [Server thread/INFO] (Minecraft) Saving and pausing game...
[02:55:21] [Server thread/INFO] (Minecraft) Saving chunks for level 'ServerLevel[New World]'/minecraft:overworld
[02:55:21] [Server thread/INFO] (Minecraft) Saving chunks for level 'ServerLevel[New World]'/minecraft:the_nether
[02:55:21] [Server thread/INFO] (Minecraft) Saving chunks for level 'ServerLevel[New World]'/minecraft:the_end
[02:55:23] [Server thread/INFO] (Minecraft) Saving and pausing game...
[02:55:23] [Server thread/INFO] (Minecraft) Saving chunks for level 'ServerLevel[New World]'/minecraft:overworld
[02:55:23] [Server thread/INFO] (Minecraft) Saving chunks for level 'ServerLevel[New World]'/minecraft:the_nether
[02:55:23] [Server thread/INFO] (Minecraft) Saving chunks for level 'ServerLevel[New World]'/minecraft:the_end
[02:55:37] [main/INFO] (Minecraft) [STDOUT]: [economiesmod] local: replayed 0 events
[02:55:37] [main/INFO] (Minecraft) [STDOUT]: [economiesmod] local history discarded
[02:55:41] [market-connect/INFO] (Minecraft) [STDOUT]: [client] hello: lastSeq=0 appliedSeq=0 persist=true
[02:55:41] [market-connect/INFO] (Minecraft) [STDOUT]: [economiesmod] connected to 127.0.0.1:25555 at seq 16
[02:55:45] [Server thread/INFO] (Minecraft) Saving and pausing game...
[02:55:45] [Server thread/INFO] (Minecraft) Saving chunks for level 'ServerLevel[New World]'/minecraft:overworld
[02:55:45] [Server thread/INFO] (Minecraft) Saving chunks for level 'ServerLevel[New World]'/minecraft:the_nether
[02:55:45] [Server thread/INFO] (Minecraft) Saving chunks for level 'ServerLevel[New World]'/minecraft:the_end
[02:56:21] [main/INFO] (Minecraft) [STDOUT]: [economiesmod] returned 100 minecraft:oak_log — the host refused that deposit
[02:57:29] [Server thread/INFO] (Minecraft) Saving and pausing game...
[02:57:29] [Server thread/INFO] (Minecraft) Saving chunks for level 'ServerLevel[New World]'/minecraft:overworld
[02:57:30] [Server thread/INFO] (Minecraft) Saving chunks for level 'ServerLevel[New World]'/minecraft:the_nether
[02:57:30] [Server thread/INFO] (Minecraft) Saving chunks for level 'ServerLevel[New World]'/minecraft:the_end
[02:57:41] [Server thread/INFO] (Minecraft) Saving and pausing game...
[02:57:41] [Server thread/INFO] (Minecraft) Saving chunks for level 'ServerLevel[New World]'/minecraft:overworld
[02:57:41] [Server thread/INFO] (Minecraft) Saving chunks for level 'ServerLevel[New World]'/minecraft:the_nether
[02:57:41] [Server thread/INFO] (Minecraft) Saving chunks for level 'ServerLevel[New World]'/minecraft:the_end
[02:58:22] [Server thread/INFO] (Minecraft) Saving and pausing game...
[02:58:22] [Server thread/INFO] (Minecraft) Saving chunks for level 'ServerLevel[New World]'/minecraft:overworld
[02:58:22] [Server thread/INFO] (Minecraft) Saving chunks for level 'ServerLevel[New World]'/minecraft:the_nether
[02:58:22] [Server thread/INFO] (Minecraft) Saving chunks for level 'ServerLevel[New World]'/minecraft:the_end
[02:58:41] [Server thread/INFO] (Minecraft) Saving and pausing game...
[02:58:41] [Server thread/INFO] (Minecraft) Saving chunks for level 'ServerLevel[New World]'/minecraft:overworld
[02:58:41] [Server thread/INFO] (Minecraft) Saving chunks for level 'ServerLevel[New World]'/minecraft:the_nether
[02:58:41] [Server thread/INFO] (Minecraft) Saving chunks for level 'ServerLevel[New World]'/minecraft:the_end
[03:00:27] [Server thread/INFO] (Minecraft) Saving and pausing game...
[03:00:27] [Server thread/INFO] (Minecraft) Saving chunks for level 'ServerLevel[New World]'/minecraft:overworld
[03:00:27] [Server thread/INFO] (Minecraft) Saving chunks for level 'ServerLevel[New World]'/minecraft:the_nether
[03:00:27] [Server thread/INFO] (Minecraft) Saving chunks for level 'ServerLevel[New World]'/minecraft:the_end
[03:00:31] [Server thread/INFO] (Minecraft) Saving and pausing game...
[03:00:31] [Server thread/INFO] (Minecraft) Saving chunks for level 'ServerLevel[New World]'/minecraft:overworld
[03:00:31] [Server thread/INFO] (Minecraft) Saving chunks for level 'ServerLevel[New World]'/minecraft:the_nether
[03:00:31] [Server thread/INFO] (Minecraft) Saving chunks for level 'ServerLevel[New World]'/minecraft:the_end
[03:00:43] [market-client-reader/INFO] (Minecraft) [STDERR]: [client] reader stopped: Connection reset
[03:00:49] [Server thread/INFO] (Minecraft) Saving and pausing game...
[03:00:49] [Server thread/INFO] (Minecraft) Saving chunks for level 'ServerLevel[New World]'/minecraft:overworld
[03:00:49] [main/INFO] (Minecraft) [STDOUT]: [economiesmod] local: replayed 35 events
[03:00:49] [Server thread/INFO] (Minecraft) Saving chunks for level 'ServerLevel[New World]'/minecraft:the_nether
[03:00:49] [Server thread/INFO] (Minecraft) Saving chunks for level 'ServerLevel[New World]'/minecraft:the_end
[03:00:51] [market-host-start/INFO] (Minecraft) [STDOUT]: [economiesmod] no D:\EconomiesMod\EconomiesMod\run\saves\New World\economiesmod\host-config.json — hosting with friend-group settings: open admission, no deposit caps, no world checks
[03:00:51] [market-host-start/INFO] (Minecraft) [STDOUT]: [host] serving 'dedicated's market' (b78f13ae-17fc-42c5-b8ae-28d1a7f057b7) — replayed 35 events
[03:00:51] [market-host-start/INFO] (Minecraft) [STDERR]: [host] welcome grant mismatch: this market grants 50, and welcomeGrant is set to 1000 — the configured figure is not used here. The amount is the market's, recorded when it was created, so every host of it hands out the same one; this setting only chooses whether this server issues grants at all, and only sets the amount for a market it creates itself. Newcomers will receive 50. To hand out 1000, create a market with that figure (delete server-market.jsonl first — that discards this market's history).
[03:00:51] [market-host/INFO] (Minecraft) [STDOUT]: [host] listening on port 25555
[03:00:51] [market-host-start/INFO] (Minecraft) [STDOUT]: [client] hello: lastSeq=35 appliedSeq=35 persist=false
[03:00:51] [market-client/INFO] (Minecraft) [STDOUT]: [host] connection from /127.0.0.1:58976
[03:00:51] [market-client/INFO] (Minecraft) [STDOUT]: [host] Alice reports 1.6h in a creative world with commands enabled (a69cfefea6ba25c4)
[03:00:51] [market-client/INFO] (Minecraft) [STDOUT]: [keys] registered new identity 10920508-d5d8-3eed-93d2-92f193afe7d7
[03:00:51] [market-client/INFO] (Minecraft) [STDOUT]: [host] synced 0 events to /127.0.0.1:58976
[03:00:51] [market-host-start/INFO] (Minecraft) [STDOUT]: [economiesmod] connected to localhost:25555 at seq 35
[03:00:51] [market-host-start/INFO] (Minecraft) [STDOUT]: [economiesmod] hosting on port 25555
[03:00:51] [market-client/INFO] (Minecraft) [STDOUT]: [host] /127.0.0.1:58976 synced and live (1 connected)
