[17:41:06] [main/INFO] (FabricLoader/GameProvider) Loading Minecraft 1.16.5 with Fabric Loader 0.19.2
[17:41:06] [main/INFO] (FabricLoader) Loading 50 mods:
	- economiesmod 1.0-SNAPSHOT
	- fabric 0.42.0+1.16
	- fabric-api-base 0.4.0+3cc0f0907d
	- fabric-api-lookup-api-v1 1.3.1+3cc0f0907d
	- fabric-biome-api-v1 3.1.13+3cc0f0907d
	- fabric-blockrenderlayer-v1 1.1.6+3cc0f0907d
	- fabric-command-api-v1 1.1.3+3cc0f0907d
	- fabric-commands-v0 0.2.3+3cc0f0907d
	- fabric-containers-v0 0.1.12+3cc0f0907d
	- fabric-content-registries-v0 0.2.5+3cc0f0907d
	- fabric-crash-report-info-v1 0.1.4+3cc0f0907d
	- fabric-dimensions-v1 2.0.8+3cc0f0907d
	- fabric-entity-events-v1 1.2.4+3cc0f0907d
	- fabric-events-interaction-v0 0.4.5+3cc0f0907d
	- fabric-events-lifecycle-v0 0.2.2+3cc0f0907d
	- fabric-game-rule-api-v1 1.0.7+3cc0f0907d
	- fabric-item-api-v1 1.2.2+3cc0f0907d
	- fabric-item-groups-v0 0.3.1+3cc0f0907d
	- fabric-key-binding-api-v1 1.0.5+3cc0f0907d
	- fabric-keybindings-v0 0.2.2+3cc0f0907d
	- fabric-lifecycle-events-v1 1.2.2+3cc0f0907d
	- fabric-loot-tables-v1 1.0.3+3cc0f0907d
	- fabric-mining-levels-v0 0.1.4+3cc0f0907d
	- fabric-models-v0 0.3.1+3cc0f0907d
	- fabric-networking-api-v1 1.0.5+3cc0f0907d
	- fabric-networking-blockentity-v0 0.2.9+3cc0f0907d
	- fabric-networking-v0 0.3.3+3cc0f0907d
	- fabric-object-builder-api-v1 1.9.6+3cc0f0907d
	- fabric-object-builders-v0 0.7.3+3cc0f0907d
	- fabric-particles-v1 0.2.5+3cc0f0907d
	- fabric-registry-sync-v0 0.7.6+3cc0f0907d
	- fabric-renderer-api-v1 0.4.5+3cc0f0907d
	- fabric-renderer-indigo 0.4.5+3cc0f0907d
	- fabric-renderer-registries-v1 2.3.1+3cc0f0907d
	- fabric-rendering-data-attachment-v1 0.1.6+3cc0f0907d
	- fabric-rendering-fluids-v1 0.1.15+3cc0f0907d
	- fabric-rendering-v0 1.1.3+3cc0f0907d
	- fabric-rendering-v1 1.6.1+3cc0f0907d
	- fabric-resource-loader-v0 0.4.8+3cc0f0907d
	- fabric-screen-api-v1 1.0.1+3cc0f0907d
	- fabric-screen-handler-api-v1 1.1.6+3cc0f0907d
	- fabric-structure-api-v1 1.1.12+3cc0f0907d
	- fabric-tag-extensions-v0 1.1.2+3cc0f0907d
	- fabric-textures-v0 1.0.7+3cc0f0907d
	- fabric-tool-attribute-api-v1 1.2.8+3cc0f0907d
	- fabric-transfer-api-v1 1.5.0+3cc0f0907d
	- fabricloader 0.19.2
	- java 8
	- minecraft 1.16.5
	- mixinextras 0.5.4
[17:41:06] [main/INFO] (FabricLoader/Mixin) SpongePowered MIXIN Subsystem Version=0.8.7 Source=file:/C:/Users/danie/.gradle/caches/modules-2/files-2.1/net.fabricmc/sponge-mixin/0.17.2+mixin.0.8.7/edf98d1d98229e46e36c61774ae2b54dcd852981/sponge-mixin-0.17.2+mixin.0.8.7.jar Service=Knot/Fabric Env=CLIENT
[17:41:07] [main/INFO] (FabricLoader/Mixin) Loaded Fabric development mappings for mixin remapper!
[17:41:07] [main/INFO] (FabricLoader/MixinExtras|Service) Initializing MixinExtras via com.llamalad7.mixinextras.service.MixinExtrasServiceImpl(version=0.5.4).
[17:41:11] [main/INFO] (Minecraft) Environment: authHost='https://authserver.mojang.com', accountsHost='https://api.mojang.com', sessionHost='https://sessionserver.mojang.com', servicesHost='https://api.minecraftservices.com', name='PROD'
[17:41:11] [main/INFO] (Minecraft) Setting user: Alice
[17:41:12] [main/INFO] (Indigo) [Indigo] Registering Indigo renderer!
[17:41:13] [main/INFO] (Minecraft) Backend library: LWJGL version 3.3.2-snapshot
[17:41:16] [main/INFO] (Minecraft) Narrator library for x64 successfully loaded
[17:41:16] [main/INFO] (Minecraft) Reloading ResourceManager: Default, Fabric Mods (Fabric Events Lifecycle (v0), Fabric Screen Handler API (v1), Fabric API, Fabric Item Groups (v0), Fabric Object Builder API (v1), Fabric Mining Levels (v0), Fabric BlockRenderLayer Registration (v1), Fabric Item API (v1), Fabric Commands (v0), Fabric Containers (v0), Fabric Renderer Registries (v1), Fabric Screen API (v1), Fabric Resource Loader (v0), Fabric Tag Extensions (v0), Fabric Entity Events (v1), Fabric Dimensions API (v1), Fabric Tool Attribute API (v1), Fabric Key Binding API (v1), Fabric Registry Sync (v0), Fabric Rendering Fluids (v1), Fabric Lifecycle Events (v1), Fabric Rendering Data Attachment (v1), Fabric Renderer API (v1), Fabric Textures (v0), Fabric Command API (v1), Fabric Object Builders (v0), Fabric Transfer API (v1), Fabric Networking Block Entity (v0), Fabric Particles (v1), Fabric API Lookup API (v1), Fabric Rendering (v0), Fabric Renderer - Indigo, Fabric Rendering (v1), Fabric Networking API (v1), Fabric Biome API (v1), Fabric Game Rule API (v1), Fabric Loader, Fabric Crash Report Info (v1), Fabric API Base, Fabric Content Registries (v0), Fabric Key Bindings (v0), EconomiesMod, Fabric Events Interaction (v0), Fabric Networking (v0), Fabric Loot Tables (v1), Fabric Models (v0), Fabric Structure API (v1))
[17:41:16] [Realms Notification Availability checker #1/INFO] (Minecraft) Could not authorize you against Realms server: java.lang.RuntimeException: Failed to parse into SignedJWT: FabricMC
[17:41:18] [main/INFO] (Minecraft) OpenAL initialized.
[17:41:18] [main/INFO] (Minecraft) Sound engine started
[17:41:19] [main/INFO] (Minecraft) Created: 1024x1024x4 minecraft:textures/atlas/blocks.png-atlas
[17:41:19] [main/INFO] (Minecraft) Created: 256x128x4 minecraft:textures/atlas/signs.png-atlas
[17:41:19] [main/INFO] (Minecraft) Created: 1024x512x4 minecraft:textures/atlas/banner_patterns.png-atlas
[17:41:19] [main/INFO] (Minecraft) Created: 1024x512x4 minecraft:textures/atlas/shield_patterns.png-atlas
[17:41:19] [main/INFO] (Minecraft) Created: 256x256x4 minecraft:textures/atlas/chest.png-atlas
[17:41:19] [main/INFO] (Minecraft) Created: 512x256x4 minecraft:textures/atlas/beds.png-atlas
[17:41:19] [main/INFO] (Minecraft) Created: 512x256x4 minecraft:textures/atlas/shulker_boxes.png-atlas
[17:41:20] [main/INFO] (Minecraft) Created: 256x256x0 minecraft:textures/atlas/particles.png-atlas
[17:41:20] [main/INFO] (Minecraft) Created: 256x256x0 minecraft:textures/atlas/paintings.png-atlas
[17:41:20] [main/INFO] (Minecraft) Created: 256x128x0 minecraft:textures/atlas/mob_effects.png-atlas
[17:43:00] [main/WARN] (Minecraft) Ambiguity between arguments [teleport, destination] and [teleport, targets] with inputs: [Player, 0123, @e, dd12be42-52a9-4a91-a8a1-11c01849e498]
[17:43:00] [main/WARN] (Minecraft) Ambiguity between arguments [teleport, location] and [teleport, destination] with inputs: [0.1 -0.5 .9, 0 0 0]
[17:43:00] [main/WARN] (Minecraft) Ambiguity between arguments [teleport, location] and [teleport, targets] with inputs: [0.1 -0.5 .9, 0 0 0]
[17:43:00] [main/WARN] (Minecraft) Ambiguity between arguments [teleport, targets] and [teleport, destination] with inputs: [Player, 0123, dd12be42-52a9-4a91-a8a1-11c01849e498]
[17:43:00] [main/WARN] (Minecraft) Ambiguity between arguments [teleport, targets, location] and [teleport, targets, destination] with inputs: [0.1 -0.5 .9, 0 0 0]
[17:43:00] [main/INFO] (Minecraft) Reloading ResourceManager: Default, Fabric Mods (Fabric Tool Attribute API (v1))
[17:43:00] [main/INFO] (Minecraft) Loaded 7 recipes
[17:43:00] [main/INFO] (Minecraft) Loaded 927 advancements
[17:43:00] [main/INFO] (BiomeModificationImpl) Applied 0 biome modifications to 0 of 79 new biomes in 1.257 ms
[17:43:01] [main/INFO] (Minecraft) Environment: authHost='https://authserver.mojang.com', accountsHost='https://api.mojang.com', sessionHost='https://sessionserver.mojang.com', servicesHost='https://api.minecraftservices.com', name='PROD'
[17:43:01] [Server thread/INFO] (Minecraft) Starting integrated minecraft server version 1.16.5
[17:43:01] [Server thread/INFO] (Minecraft) Generating keypair
[17:43:01] [Server thread/INFO] (Minecraft) Preparing start region for dimension minecraft:overworld
[17:43:02] [main/INFO] (Minecraft) Preparing spawn area: 0%
[17:43:02] [main/INFO] (Minecraft) Preparing spawn area: 0%
[17:43:02] [main/INFO] (Minecraft) Time elapsed: 865 ms
[17:43:02] [Server thread/INFO] (Minecraft) [STDOUT]: [economiesmod] identity loaded from D:\EconomiesMod\EconomiesMod\run\config\economiesmod-identity-Alice.key
[17:43:02] [Server thread/INFO] (Minecraft) [STDOUT]: [peers] loaded 2 known peers
[17:43:02] [Server thread/INFO] (Minecraft) [STDOUT]: [economiesmod] local: replayed 11 events
[17:43:02] [Server thread/INFO] (Minecraft) Changing view distance to 11, from 10
[17:43:03] [Server thread/INFO] (Minecraft) Alice[local:E:bebddd9a] logged in with entity id 172 at (-9.765303908035854, 65.0, -108.53541920746852)
[17:43:03] [Server thread/INFO] (Minecraft) Alice joined the game
[17:43:03] [Server thread/INFO] (Minecraft) Saving and pausing game...
[17:43:03] [Server thread/INFO] (Minecraft) Saving chunks for level 'ServerLevel[asdhaskjdha]'/minecraft:overworld
[17:43:03] [main/INFO] (Minecraft) Loaded 71 advancements
[17:43:04] [Server thread/INFO] (Minecraft) Saving chunks for level 'ServerLevel[asdhaskjdha]'/minecraft:the_nether
[17:43:04] [Server thread/INFO] (Minecraft) Saving chunks for level 'ServerLevel[asdhaskjdha]'/minecraft:the_end
[17:43:07] [Server thread/INFO] (Minecraft) Saving and pausing game...
[17:43:07] [Server thread/INFO] (Minecraft) Saving chunks for level 'ServerLevel[asdhaskjdha]'/minecraft:overworld
[17:43:07] [Server thread/INFO] (Minecraft) Saving chunks for level 'ServerLevel[asdhaskjdha]'/minecraft:the_nether
[17:43:07] [Server thread/INFO] (Minecraft) Saving chunks for level 'ServerLevel[asdhaskjdha]'/minecraft:the_end
[17:43:29] [market-connect/INFO] (Minecraft) [STDOUT]: [client] hello: lastSeq=11 appliedSeq=11 persist=true
[17:43:29] [market-connect/INFO] (Minecraft) [STDOUT]: [economiesmod] connected to localhost:25555 at seq 11
[17:44:13] [Server thread/INFO] (Minecraft) Saving and pausing game...
[17:44:13] [Server thread/INFO] (Minecraft) Saving chunks for level 'ServerLevel[asdhaskjdha]'/minecraft:overworld
[17:44:13] [Server thread/INFO] (Minecraft) Saving chunks for level 'ServerLevel[asdhaskjdha]'/minecraft:the_nether
[17:44:13] [Server thread/INFO] (Minecraft) Saving chunks for level 'ServerLevel[asdhaskjdha]'/minecraft:the_end
[17:44:22] [Server thread/INFO] (Minecraft) Saving and pausing game...
[17:44:22] [Server thread/INFO] (Minecraft) Saving chunks for level 'ServerLevel[asdhaskjdha]'/minecraft:overworld
[17:44:22] [Server thread/INFO] (Minecraft) Saving chunks for level 'ServerLevel[asdhaskjdha]'/minecraft:the_nether
[17:44:22] [Server thread/INFO] (Minecraft) Saving chunks for level 'ServerLevel[asdhaskjdha]'/minecraft:the_end
[17:44:26] [Server thread/INFO] (Minecraft) Saving and pausing game...
[17:44:26] [Server thread/INFO] (Minecraft) Saving chunks for level 'ServerLevel[asdhaskjdha]'/minecraft:overworld
[17:44:26] [Server thread/INFO] (Minecraft) Saving chunks for level 'ServerLevel[asdhaskjdha]'/minecraft:the_nether
[17:44:26] [Server thread/INFO] (Minecraft) Saving chunks for level 'ServerLevel[asdhaskjdha]'/minecraft:the_end
[17:44:27] [Server thread/INFO] (Minecraft) Saving and pausing game...
[17:44:27] [Server thread/INFO] (Minecraft) Saving chunks for level 'ServerLevel[asdhaskjdha]'/minecraft:overworld
[17:44:27] [Server thread/INFO] (Minecraft) Saving chunks for level 'ServerLevel[asdhaskjdha]'/minecraft:the_nether
[17:44:27] [Server thread/INFO] (Minecraft) Saving chunks for level 'ServerLevel[asdhaskjdha]'/minecraft:the_end
[17:44:36] [Server thread/INFO] (Minecraft) Saving and pausing game...
[17:44:36] [Server thread/INFO] (Minecraft) Saving chunks for level 'ServerLevel[asdhaskjdha]'/minecraft:overworld
[17:44:36] [Server thread/INFO] (Minecraft) Saving chunks for level 'ServerLevel[asdhaskjdha]'/minecraft:the_nether
[17:44:36] [Server thread/INFO] (Minecraft) Saving chunks for level 'ServerLevel[asdhaskjdha]'/minecraft:the_end
[17:44:38] [Server thread/INFO] (Minecraft) Saving and pausing game...
[17:44:38] [Server thread/INFO] (Minecraft) Saving chunks for level 'ServerLevel[asdhaskjdha]'/minecraft:overworld
[17:44:38] [Server thread/INFO] (Minecraft) Saving chunks for level 'ServerLevel[asdhaskjdha]'/minecraft:the_nether
[17:44:38] [Server thread/INFO] (Minecraft) Saving chunks for level 'ServerLevel[asdhaskjdha]'/minecraft:the_end
[17:44:40] [market-client-reader/INFO] (Minecraft) [STDERR]: [client] reader stopped: Socket closed
[17:44:40] [main/INFO] (Minecraft) [STDOUT]: [economiesmod] local: replayed 0 events
[17:44:40] [main/INFO] (Minecraft) [STDOUT]: [economiesmod] local history discarded
[17:44:45] [market-connect/INFO] (Minecraft) [STDOUT]: [client] hello: lastSeq=0 appliedSeq=0 persist=true
[17:44:45] [market-connect/INFO] (Minecraft) [STDOUT]: [economiesmod] connected to localhost:25555 at seq 15
[17:44:55] [Server thread/INFO] (Minecraft) Saving and pausing game...
[17:44:55] [Server thread/INFO] (Minecraft) Saving chunks for level 'ServerLevel[asdhaskjdha]'/minecraft:overworld
[17:44:55] [Server thread/INFO] (Minecraft) Saving chunks for level 'ServerLevel[asdhaskjdha]'/minecraft:the_nether
[17:44:55] [Server thread/INFO] (Minecraft) Saving chunks for level 'ServerLevel[asdhaskjdha]'/minecraft:the_end
[17:45:45] [Server thread/INFO] (Minecraft) Saving and pausing game...
[17:45:45] [Server thread/INFO] (Minecraft) Saving chunks for level 'ServerLevel[asdhaskjdha]'/minecraft:overworld
[17:45:45] [Server thread/INFO] (Minecraft) Saving chunks for level 'ServerLevel[asdhaskjdha]'/minecraft:the_nether
[17:45:45] [Server thread/INFO] (Minecraft) Saving chunks for level 'ServerLevel[asdhaskjdha]'/minecraft:the_end
[17:45:47] [Server thread/INFO] (Minecraft) Saving and pausing game...
[17:45:47] [Server thread/INFO] (Minecraft) Saving chunks for level 'ServerLevel[asdhaskjdha]'/minecraft:overworld
[17:45:47] [Server thread/INFO] (Minecraft) Saving chunks for level 'ServerLevel[asdhaskjdha]'/minecraft:the_nether
[17:45:47] [Server thread/INFO] (Minecraft) Saving chunks for level 'ServerLevel[asdhaskjdha]'/minecraft:the_end
[17:45:47] [Server thread/INFO] (Minecraft) Saving and pausing game...
[17:45:47] [Server thread/INFO] (Minecraft) Saving chunks for level 'ServerLevel[asdhaskjdha]'/minecraft:overworld
[17:45:47] [Server thread/INFO] (Minecraft) Saving chunks for level 'ServerLevel[asdhaskjdha]'/minecraft:the_nether
[17:45:47] [Server thread/INFO] (Minecraft) Saving chunks for level 'ServerLevel[asdhaskjdha]'/minecraft:the_end
[17:45:48] [Server thread/INFO] (Minecraft) Alice lost connection: Disconnected
[17:45:48] [Server thread/INFO] (Minecraft) Alice left the game
[17:45:48] [Server thread/INFO] (Minecraft) Stopping singleplayer server as player logged out
[17:45:48] [Server thread/INFO] (Minecraft) [STDOUT]: [economiesmod] world stopping — shutting down
[17:45:48] [Server thread/INFO] (Minecraft) Stopping server
[17:45:48] [market-client-reader/INFO] (Minecraft) [STDERR]: [client] reader stopped: Socket closed
[17:45:48] [Server thread/INFO] (Minecraft) Saving players
[17:45:48] [Server thread/INFO] (Minecraft) Saving worlds
[17:45:48] [Server thread/INFO] (Minecraft) Saving chunks for level 'ServerLevel[asdhaskjdha]'/minecraft:overworld
[17:45:48] [Server thread/INFO] (Minecraft) ThreadedAnvilChunkStorage (asdhaskjdha): All chunks are saved
[17:45:48] [Server thread/INFO] (Minecraft) Saving chunks for level 'ServerLevel[asdhaskjdha]'/minecraft:the_nether
[17:45:48] [Server thread/INFO] (Minecraft) ThreadedAnvilChunkStorage (DIM-1): All chunks are saved
[17:45:48] [Server thread/INFO] (Minecraft) Saving chunks for level 'ServerLevel[asdhaskjdha]'/minecraft:the_end
[17:45:48] [Server thread/INFO] (Minecraft) ThreadedAnvilChunkStorage (DIM1): All chunks are saved
[17:45:48] [Server thread/INFO] (Minecraft) ThreadedAnvilChunkStorage (asdhaskjdha): All chunks are saved
[17:45:48] [Server thread/INFO] (Minecraft) ThreadedAnvilChunkStorage (DIM-1): All chunks are saved
[17:45:48] [Server thread/INFO] (Minecraft) ThreadedAnvilChunkStorage (DIM1): All chunks are saved
[17:45:50] [main/WARN] (Minecraft) Ambiguity between arguments [teleport, destination] and [teleport, targets] with inputs: [Player, 0123, @e, dd12be42-52a9-4a91-a8a1-11c01849e498]
[17:45:50] [main/WARN] (Minecraft) Ambiguity between arguments [teleport, location] and [teleport, destination] with inputs: [0.1 -0.5 .9, 0 0 0]
[17:45:50] [main/WARN] (Minecraft) Ambiguity between arguments [teleport, location] and [teleport, targets] with inputs: [0.1 -0.5 .9, 0 0 0]
[17:45:50] [main/WARN] (Minecraft) Ambiguity between arguments [teleport, targets] and [teleport, destination] with inputs: [Player, 0123, dd12be42-52a9-4a91-a8a1-11c01849e498]
[17:45:50] [main/WARN] (Minecraft) Ambiguity between arguments [teleport, targets, location] and [teleport, targets, destination] with inputs: [0.1 -0.5 .9, 0 0 0]
[17:45:50] [main/INFO] (Minecraft) Reloading ResourceManager: Default, Fabric Mods (Fabric Tool Attribute API (v1))
[17:45:50] [main/INFO] (Minecraft) Loaded 7 recipes
[17:45:50] [main/INFO] (Minecraft) Loaded 927 advancements
[17:45:50] [main/INFO] (BiomeModificationImpl) Applied 0 biome modifications to 0 of 79 new biomes in 252.0 μs
[17:45:51] [main/INFO] (Minecraft) Environment: authHost='https://authserver.mojang.com', accountsHost='https://api.mojang.com', sessionHost='https://sessionserver.mojang.com', servicesHost='https://api.minecraftservices.com', name='PROD'
[17:45:51] [Server thread/INFO] (Minecraft) Starting integrated minecraft server version 1.16.5
[17:45:51] [Server thread/INFO] (Minecraft) Generating keypair
[17:45:51] [Server thread/INFO] (Minecraft) Preparing start region for dimension minecraft:overworld
[17:45:51] [main/INFO] (Minecraft) Preparing spawn area: 0%
[17:45:51] [Server thread/INFO] (Minecraft) [STDOUT]: [economiesmod] identity loaded from D:\EconomiesMod\EconomiesMod\run\config\economiesmod-identity-Alice.key
[17:45:51] [Server thread/INFO] (Minecraft) [STDOUT]: [peers] loaded 2 known peers
[17:45:51] [main/INFO] (Minecraft) Time elapsed: 420 ms
[17:45:51] [Server thread/INFO] (Minecraft) [STDOUT]: [economiesmod] local: replayed 15 events
[17:45:51] [Server thread/INFO] (Minecraft) Changing view distance to 11, from 10
[17:45:51] [Server thread/INFO] (Minecraft) Alice[local:E:b7e384ca] logged in with entity id 600 at (-12.292314335061302, 69.0, -114.16600358752237)
[17:45:51] [Server thread/INFO] (Minecraft) Alice joined the game
[17:45:51] [Server thread/INFO] (Minecraft) Saving and pausing game...
[17:45:51] [Server thread/INFO] (Minecraft) Saving chunks for level 'ServerLevel[asdhaskjdha]'/minecraft:overworld
[17:45:51] [main/INFO] (Minecraft) Loaded 71 advancements
[17:45:52] [Server thread/INFO] (Minecraft) Saving chunks for level 'ServerLevel[asdhaskjdha]'/minecraft:the_nether
[17:45:52] [Server thread/INFO] (Minecraft) Saving chunks for level 'ServerLevel[asdhaskjdha]'/minecraft:the_end
[17:45:52] [Server thread/INFO] (Minecraft) Saving and pausing game...
[17:45:52] [Server thread/INFO] (Minecraft) Saving chunks for level 'ServerLevel[asdhaskjdha]'/minecraft:overworld
[17:45:52] [Server thread/INFO] (Minecraft) Saving chunks for level 'ServerLevel[asdhaskjdha]'/minecraft:the_nether
[17:45:52] [Server thread/INFO] (Minecraft) Saving chunks for level 'ServerLevel[asdhaskjdha]'/minecraft:the_end
[17:45:53] [Server thread/INFO] (Minecraft) Saving and pausing game...
[17:45:53] [Server thread/INFO] (Minecraft) Saving chunks for level 'ServerLevel[asdhaskjdha]'/minecraft:overworld
[17:45:53] [Server thread/INFO] (Minecraft) Saving chunks for level 'ServerLevel[asdhaskjdha]'/minecraft:the_nether
[17:45:53] [Server thread/INFO] (Minecraft) Saving chunks for level 'ServerLevel[asdhaskjdha]'/minecraft:the_end
[17:45:53] [Server thread/INFO] (Minecraft) Alice lost connection: Disconnected
[17:45:53] [Server thread/INFO] (Minecraft) Alice left the game
[17:45:53] [Server thread/INFO] (Minecraft) Stopping singleplayer server as player logged out
[17:45:53] [Server thread/INFO] (Minecraft) [STDOUT]: [economiesmod] world stopping — shutting down
[17:45:53] [Server thread/INFO] (Minecraft) Stopping server
[17:45:53] [Server thread/INFO] (Minecraft) Saving players
[17:45:53] [Server thread/INFO] (Minecraft) Saving worlds
[17:45:53] [Server thread/INFO] (Minecraft) Saving chunks for level 'ServerLevel[asdhaskjdha]'/minecraft:overworld
[17:45:54] [Server thread/INFO] (Minecraft) ThreadedAnvilChunkStorage (asdhaskjdha): All chunks are saved
[17:45:54] [Server thread/INFO] (Minecraft) Saving chunks for level 'ServerLevel[asdhaskjdha]'/minecraft:the_nether
[17:45:54] [Server thread/INFO] (Minecraft) ThreadedAnvilChunkStorage (DIM-1): All chunks are saved
[17:45:54] [Server thread/INFO] (Minecraft) Saving chunks for level 'ServerLevel[asdhaskjdha]'/minecraft:the_end
[17:45:54] [Server thread/INFO] (Minecraft) ThreadedAnvilChunkStorage (DIM1): All chunks are saved
[17:45:54] [Server thread/INFO] (Minecraft) ThreadedAnvilChunkStorage (asdhaskjdha): All chunks are saved
[17:45:54] [Server thread/INFO] (Minecraft) ThreadedAnvilChunkStorage (DIM-1): All chunks are saved
[17:45:54] [Server thread/INFO] (Minecraft) ThreadedAnvilChunkStorage (DIM1): All chunks are saved
[17:46:02] [main/INFO] (Minecraft) Stopping!
14 PlaceOrder
[17:44:31] [market-sequencer/INFO] (Minecraft) [STDOUT]: [host] seq 15 Withdraw
[17:44:40] [market-client/INFO] (Minecraft) [STDOUT]: [host] client disconnected (1 remain)
[17:44:45] [market-client/INFO] (Minecraft) [STDOUT]: [host] connection from /127.0.0.1:52352
[17:44:45] [market-client/INFO] (Minecraft) [STDOUT]: [host] synced 15 events to /127.0.0.1:52352
[17:44:45] [market-client/INFO] (Minecraft) [STDOUT]: [host] /127.0.0.1:52352 synced and live (2 connected)
[17:45:48] [market-client/INFO] (Minecraft) [STDOUT]: [host] client disconnected (1 remain)
