[04:24:58] [main/INFO] (FabricLoader/GameProvider) Loading Minecraft 1.16.5 with Fabric Loader 0.19.2
[04:24:59] [main/INFO] (FabricLoader) Loading 50 mods:
	- economiesmod 1.0-SNAPSHOT
	- fabric 0.42.0+1.16
	- fabric-api-base 0.4.0+3cc0f0907d
	- fabric-api-lookup-api-v1 1.3.1+3cc0f0907d
	- fabric-biome-api-v1 3.1.13+3cc0f0907d
	- fabric-blockrenderlayer-v1 1.1.6+3cc0f0907d
	- fabric-command-api-v1 1.1.3+3cc0f0907d
	- fabric-commands-v0 0.2.3+3cc0f0907d
	- fabric-containers-v0 0.1.12+3cc0f0907d
	- fabric-content-registries-v0 0.2.5+3cc0f0907d
	- fabric-crash-report-info-v1 0.1.4+3cc0f0907d
	- fabric-dimensions-v1 2.0.8+3cc0f0907d
	- fabric-entity-events-v1 1.2.4+3cc0f0907d
	- fabric-events-interaction-v0 0.4.5+3cc0f0907d
	- fabric-events-lifecycle-v0 0.2.2+3cc0f0907d
	- fabric-game-rule-api-v1 1.0.7+3cc0f0907d
	- fabric-item-api-v1 1.2.2+3cc0f0907d
	- fabric-item-groups-v0 0.3.1+3cc0f0907d
	- fabric-key-binding-api-v1 1.0.5+3cc0f0907d
	- fabric-keybindings-v0 0.2.2+3cc0f0907d
	- fabric-lifecycle-events-v1 1.2.2+3cc0f0907d
	- fabric-loot-tables-v1 1.0.3+3cc0f0907d
	- fabric-mining-levels-v0 0.1.4+3cc0f0907d
	- fabric-models-v0 0.3.1+3cc0f0907d
	- fabric-networking-api-v1 1.0.5+3cc0f0907d
	- fabric-networking-blockentity-v0 0.2.9+3cc0f0907d
	- fabric-networking-v0 0.3.3+3cc0f0907d
	- fabric-object-builder-api-v1 1.9.6+3cc0f0907d
	- fabric-object-builders-v0 0.7.3+3cc0f0907d
	- fabric-particles-v1 0.2.5+3cc0f0907d
	- fabric-registry-sync-v0 0.7.6+3cc0f0907d
	- fabric-renderer-api-v1 0.4.5+3cc0f0907d
	- fabric-renderer-indigo 0.4.5+3cc0f0907d
	- fabric-renderer-registries-v1 2.3.1+3cc0f0907d
	- fabric-rendering-data-attachment-v1 0.1.6+3cc0f0907d
	- fabric-rendering-fluids-v1 0.1.15+3cc0f0907d
	- fabric-rendering-v0 1.1.3+3cc0f0907d
	- fabric-rendering-v1 1.6.1+3cc0f0907d
	- fabric-resource-loader-v0 0.4.8+3cc0f0907d
	- fabric-screen-api-v1 1.0.1+3cc0f0907d
	- fabric-screen-handler-api-v1 1.1.6+3cc0f0907d
	- fabric-structure-api-v1 1.1.12+3cc0f0907d
	- fabric-tag-extensions-v0 1.1.2+3cc0f0907d
	- fabric-textures-v0 1.0.7+3cc0f0907d
	- fabric-tool-attribute-api-v1 1.2.8+3cc0f0907d
	- fabric-transfer-api-v1 1.5.0+3cc0f0907d
	- fabricloader 0.19.2
	- java 8
	- minecraft 1.16.5
	- mixinextras 0.5.4
[04:24:59] [main/INFO] (FabricLoader/Mixin) SpongePowered MIXIN Subsystem Version=0.8.7 Source=file:/C:/Users/danie/.gradle/caches/modules-2/files-2.1/net.fabricmc/sponge-mixin/0.17.2+mixin.0.8.7/edf98d1d98229e46e36c61774ae2b54dcd852981/sponge-mixin-0.17.2+mixin.0.8.7.jar Service=Knot/Fabric Env=CLIENT
[04:24:59] [main/INFO] (FabricLoader/Mixin) Loaded Fabric development mappings for mixin remapper!
[04:24:59] [main/INFO] (FabricLoader/MixinExtras|Service) Initializing MixinExtras via com.llamalad7.mixinextras.service.MixinExtrasServiceImpl(version=0.5.4).
[04:25:02] [main/INFO] (Minecraft) Environment: authHost='https://authserver.mojang.com', accountsHost='https://api.mojang.com', sessionHost='https://sessionserver.mojang.com', servicesHost='https://api.minecraftservices.com', name='PROD'
[04:25:03] [main/INFO] (Minecraft) Setting user: Alice
[04:25:04] [main/INFO] (Indigo) [Indigo] Registering Indigo renderer!
[04:25:04] [main/INFO] (Minecraft) Backend library: LWJGL version 3.3.2-snapshot
[04:25:06] [main/INFO] (Minecraft) Narrator library for x64 successfully loaded
[04:25:06] [main/INFO] (Minecraft) Reloading ResourceManager: Fabric Mods (Fabric Biome API (v1), Fabric Item API (v1), Fabric Networking Block Entity (v0), Fabric Dimensions API (v1), Fabric Resource Loader (v0), Fabric Command API (v1), Fabric Tool Attribute API (v1), Fabric Transfer API (v1), Fabric Models (v0), Fabric Textures (v0), Fabric Content Registries (v0), Fabric Key Bindings (v0), Fabric API, Fabric Screen API (v1), Fabric Object Builder API (v1), EconomiesMod, Fabric Object Builders (v0), Fabric Key Binding API (v1), Fabric API Base, Fabric Mining Levels (v0), Fabric Rendering (v0), Fabric Loader, Fabric Networking API (v1), Fabric Rendering Data Attachment (v1), Fabric Item Groups (v0), Fabric Loot Tables (v1), Fabric Renderer API (v1), Fabric Renderer - Indigo, Fabric Rendering (v1), Fabric BlockRenderLayer Registration (v1), Fabric Events Interaction (v0), Fabric Tag Extensions (v0), Fabric Containers (v0), Fabric Crash Report Info (v1), Fabric Structure API (v1), Fabric Screen Handler API (v1), Fabric Networking (v0), Fabric Commands (v0), Fabric Rendering Fluids (v1), Fabric Lifecycle Events (v1), Fabric Renderer Registries (v1), Fabric API Lookup API (v1), Fabric Events Lifecycle (v0), Fabric Entity Events (v1), Fabric Particles (v1), Fabric Registry Sync (v0), Fabric Game Rule API (v1)), Default, Programmer Art ()
[04:25:06] [Realms Notification Availability checker #1/INFO] (Minecraft) Could not authorize you against Realms server: java.lang.RuntimeException: Failed to parse into SignedJWT: FabricMC
[04:25:08] [main/INFO] (Minecraft) OpenAL initialized.
[04:25:08] [main/INFO] (Minecraft) Sound engine started
[04:25:08] [main/INFO] (Minecraft) Created: 1024x1024x4 minecraft:textures/atlas/blocks.png-atlas
[04:25:08] [main/INFO] (Minecraft) Created: 256x128x4 minecraft:textures/atlas/signs.png-atlas
[04:25:08] [main/INFO] (Minecraft) Created: 1024x512x4 minecraft:textures/atlas/banner_patterns.png-atlas
[04:25:08] [main/INFO] (Minecraft) Created: 1024x512x4 minecraft:textures/atlas/shield_patterns.png-atlas
[04:25:08] [main/INFO] (Minecraft) Created: 256x256x4 minecraft:textures/atlas/chest.png-atlas
[04:25:08] [main/INFO] (Minecraft) Created: 512x256x4 minecraft:textures/atlas/beds.png-atlas
[04:25:08] [main/INFO] (Minecraft) Created: 512x256x4 minecraft:textures/atlas/shulker_boxes.png-atlas
[04:25:08] [main/INFO] (Minecraft) Created: 256x256x0 minecraft:textures/atlas/particles.png-atlas
[04:25:08] [main/INFO] (Minecraft) Created: 256x256x0 minecraft:textures/atlas/paintings.png-atlas
[04:25:08] [main/INFO] (Minecraft) Created: 256x128x0 minecraft:textures/atlas/mob_effects.png-atlas
[04:25:25] [main/WARN] (Minecraft) Ambiguity between arguments [teleport, destination] and [teleport, targets] with inputs: [Player, 0123, @e, dd12be42-52a9-4a91-a8a1-11c01849e498]
[04:25:25] [main/WARN] (Minecraft) Ambiguity between arguments [teleport, location] and [teleport, destination] with inputs: [0.1 -0.5 .9, 0 0 0]
[04:25:25] [main/WARN] (Minecraft) Ambiguity between arguments [teleport, location] and [teleport, targets] with inputs: [0.1 -0.5 .9, 0 0 0]
[04:25:25] [main/WARN] (Minecraft) Ambiguity between arguments [teleport, targets] and [teleport, destination] with inputs: [Player, 0123, dd12be42-52a9-4a91-a8a1-11c01849e498]
[04:25:25] [main/WARN] (Minecraft) Ambiguity between arguments [teleport, targets, location] and [teleport, targets, destination] with inputs: [0.1 -0.5 .9, 0 0 0]
[04:25:25] [main/INFO] (Minecraft) Reloading ResourceManager: Default, Fabric Mods (Fabric Tool Attribute API (v1))
[04:25:25] [main/INFO] (Minecraft) Loaded 7 recipes
[04:25:25] [main/INFO] (Minecraft) Loaded 927 advancements
[04:25:25] [main/INFO] (BiomeModificationImpl) Applied 0 biome modifications to 0 of 79 new biomes in 1.017 ms
[04:25:26] [main/INFO] (Minecraft) Environment: authHost='https://authserver.mojang.com', accountsHost='https://api.mojang.com', sessionHost='https://sessionserver.mojang.com', servicesHost='https://api.minecraftservices.com', name='PROD'
[04:25:26] [Server thread/INFO] (Minecraft) Starting integrated minecraft server version 1.16.5
[04:25:26] [Server thread/INFO] (Minecraft) Generating keypair
[04:25:26] [Server thread/INFO] (Minecraft) Preparing start region for dimension minecraft:overworld
[04:25:27] [Server thread/INFO] (Minecraft) [STDOUT]: [economiesmod] identity loaded from D:\EconomiesMod\EconomiesMod\run\config\economiesmod-identity-Alice.key
[04:25:27] [Server thread/INFO] (Minecraft) [STDOUT]: [peers] loaded 12 known peers
[04:25:27] [Server thread/INFO] (Minecraft) [STDOUT]: [economiesmod] local: replayed 6 events
[04:25:27] [Server thread/INFO] (Minecraft) Changing view distance to 11, from 10
[04:25:27] [main/INFO] (Minecraft) Preparing spawn area: 0%
[04:25:27] [main/INFO] (Minecraft) Time elapsed: 3 ms
[04:25:27] [Server thread/INFO] (Minecraft) Alice[local:E:4edb021c] logged in with entity id 233 at (142.69999998807907, 80.0, -250.98732638260543)
[04:25:27] [Server thread/INFO] (Minecraft) Alice joined the game
[04:25:28] [Server thread/INFO] (Minecraft) Saving and pausing game...
[04:25:28] [Server thread/INFO] (Minecraft) Saving chunks for level 'ServerLevel[test4]'/minecraft:overworld
[04:25:28] [main/INFO] (Minecraft) Loaded 119 advancements
[04:25:28] [Server thread/INFO] (Minecraft) Saving chunks for level 'ServerLevel[test4]'/minecraft:the_nether
[04:25:28] [Server thread/INFO] (Minecraft) Saving chunks for level 'ServerLevel[test4]'/minecraft:the_end
[04:26:34] [Server thread/INFO] (Minecraft) Saving and pausing game...
[04:26:34] [Server thread/INFO] (Minecraft) Saving chunks for level 'ServerLevel[test4]'/minecraft:overworld
[04:26:34] [Server thread/INFO] (Minecraft) Saving chunks for level 'ServerLevel[test4]'/minecraft:the_nether
[04:26:34] [Server thread/INFO] (Minecraft) Saving chunks for level 'ServerLevel[test4]'/minecraft:the_end
[04:26:35] [market-host-start/INFO] (Minecraft) [STDOUT]: [economiesmod] hosting under the rules in D:\EconomiesMod\EconomiesMod\run\saves\test4\economiesmod\host-config.json
[04:26:35] [market-host-start/INFO] (Minecraft) [STDOUT]: [host] this market publishes host rules, and they have been taken up where this host had not set its own — /trade hostconfig to see what is in force
[04:26:35] [market-host-start/INFO] (Minecraft) [STDOUT]: [host] serving 'newT' (64967350-3d2a-414b-84b4-79d738da59df) — replayed 6 events
[04:26:35] [market-host-start/INFO] (Minecraft) [STDERR]: [host] welcome grant mismatch: this market grants 1000, and welcomeGrant is set to 100 — the configured figure is not used here. The amount is the market's, recorded when it was created, so every host of it hands out the same one; this setting only chooses whether this server issues grants at all, and only sets the amount for a market it creates itself. Newcomers will receive 1000. To hand out 100, create a market with that figure (delete D:\EconomiesMod\EconomiesMod\run\saves\test4\.\economiesmod\market-3\market.jsonl first — that discards this market's history).
[04:26:35] [market-host/INFO] (Minecraft) [STDOUT]: [host] listening on port 25556
[04:26:35] [market-host-start/INFO] (Minecraft) [STDOUT]: [client] hello: lastSeq=6 appliedSeq=6 persist=false
[04:26:35] [market-client/INFO] (Minecraft) [STDOUT]: [host] connection from /127.0.0.1:62823
[04:26:35] [market-client/INFO] (Minecraft) [STDOUT]: [host] Alice reports 0.4h in a survival world (f938c5d8f57212fc)
[04:26:35] [market-client/INFO] (Minecraft) [STDOUT]: [keys] registered new identity 10920508-d5d8-3eed-93d2-92f193afe7d7
[04:26:35] [market-client/INFO] (Minecraft) [STDOUT]: [host] synced 0 events to /127.0.0.1:62823
[04:26:35] [market-host-start/INFO] (Minecraft) [STDOUT]: [economiesmod] connected to localhost:25556 at seq 6
[04:26:35] [market-host-start/INFO] (Minecraft) [STDOUT]: [economiesmod] hosting on port 25556
[04:26:35] [market-client/INFO] (Minecraft) [STDOUT]: [host] /127.0.0.1:62823 synced and live (1 connected)
[04:26:42] [market-sequencer/INFO] (Minecraft) [STDOUT]: [host] seq 7 DepositAndList — 10 minecraft:cobblestone from 10920508-d5d8-3eed-93d2-92f193afe7d7
[04:27:01] [market-sequencer/INFO] (Minecraft) [STDOUT]: [host] rejected Withdraw: insufficient item balance
[04:27:03] [market-sequencer/INFO] (Minecraft) [STDOUT]: [host] seq 8 PlaceOrder
[04:27:07] [market-sequencer/INFO] (Minecraft) [STDOUT]: [host] seq 9 Withdraw
[04:27:31] [Server thread/INFO] (Minecraft) Saving and pausing game...
[04:27:31] [Server thread/INFO] (Minecraft) Saving chunks for level 'ServerLevel[test4]'/minecraft:overworld
[04:27:31] [Server thread/INFO] (Minecraft) Saving chunks for level 'ServerLevel[test4]'/minecraft:the_nether
[04:27:31] [Server thread/INFO] (Minecraft) Saving chunks for level 'ServerLevel[test4]'/minecraft:the_end
[04:27:32] [main/INFO] (Minecraft) Using default channel type
[04:27:32] [main/INFO] (Minecraft) Started serving on 63580
[04:27:32] [main/INFO] (Minecraft) [CHAT] Local game hosted on port 63580
[04:27:32] [main/INFO] (Minecraft) [STDOUT]: [economiesmod] noting that this world has had commands enabled — hosts will be told
[04:27:32] [main/INFO] (Minecraft) [STDOUT]: [economiesmod] world changed — telling the host (survival, commands enabled)
[04:27:32] [market-client/INFO] (Minecraft) [STDOUT]: [host] Alice enabled commands in their world after creating it
[04:27:43] [Server thread/INFO] (Minecraft) [Alice: Set own game mode to Creative Mode]
[04:27:43] [main/INFO] (Minecraft) [CHAT] Set own game mode to Creative Mode
[04:28:01] [Server thread/INFO] (Minecraft) [Alice: Set own game mode to Survival Mode]
[04:28:01] [main/INFO] (Minecraft) [CHAT] Set own game mode to Survival Mode
[04:28:38] [market-sequencer/INFO] (Minecraft) [STDOUT]: [host] seq 10 DepositAndList — 6 minecraft:oak_log from 10920508-d5d8-3eed-93d2-92f193afe7d7
[04:28:46] [market-sequencer/INFO] (Minecraft) [STDOUT]: [host] seq 11 PlaceOrder
[04:28:47] [market-sequencer/INFO] (Minecraft) [STDOUT]: [host] seq 12 Withdraw
[04:29:10] [Server thread/INFO] (Minecraft) Alice lost connection: Disconnected
[04:29:10] [Server thread/INFO] (Minecraft) Alice left the game
[04:29:10] [Server thread/INFO] (Minecraft) Stopping singleplayer server as player logged out
[04:29:10] [Server thread/INFO] (Minecraft) [STDOUT]: [economiesmod] world stopping — shutting down
[04:29:10] [Server thread/INFO] (Minecraft) Stopping server
[04:29:10] [market-client/INFO] (Minecraft) [STDOUT]: [host] client disconnected (0 remain)
[04:29:10] [market-client-reader/INFO] (Minecraft) [STDERR]: [client] reader stopped: Socket closed
[04:29:10] [Server thread/INFO] (Minecraft) Saving players
[04:29:10] [Server thread/INFO] (Minecraft) Saving worlds
[04:29:10] [Server thread/INFO] (Minecraft) Saving chunks for level 'ServerLevel[test4]'/minecraft:overworld
[04:29:10] [Server thread/INFO] (Minecraft) ThreadedAnvilChunkStorage (test4): All chunks are saved
[04:29:10] [Server thread/INFO] (Minecraft) Saving chunks for level 'ServerLevel[test4]'/minecraft:the_nether
[04:29:10] [Server thread/INFO] (Minecraft) ThreadedAnvilChunkStorage (DIM-1): All chunks are saved
[04:29:10] [Server thread/INFO] (Minecraft) Saving chunks for level 'ServerLevel[test4]'/minecraft:the_end
[04:29:10] [Server thread/INFO] (Minecraft) ThreadedAnvilChunkStorage (DIM1): All chunks are saved
[04:29:10] [Server thread/INFO] (Minecraft) ThreadedAnvilChunkStorage (test4): All chunks are saved
[04:29:11] [Server thread/INFO] (Minecraft) ThreadedAnvilChunkStorage (DIM-1): All chunks are saved
[04:29:11] [Server thread/INFO] (Minecraft) ThreadedAnvilChunkStorage (DIM1): All chunks are saved
[04:30:02] [main/WARN] (Minecraft) Ambiguity between arguments [teleport, destination] and [teleport, targets] with inputs: [Player, 0123, @e, dd12be42-52a9-4a91-a8a1-11c01849e498]
[04:30:02] [main/WARN] (Minecraft) Ambiguity between arguments [teleport, location] and [teleport, destination] with inputs: [0.1 -0.5 .9, 0 0 0]
[04:30:02] [main/WARN] (Minecraft) Ambiguity between arguments [teleport, location] and [teleport, targets] with inputs: [0.1 -0.5 .9, 0 0 0]
[04:30:02] [main/WARN] (Minecraft) Ambiguity between arguments [teleport, targets] and [teleport, destination] with inputs: [Player, 0123, dd12be42-52a9-4a91-a8a1-11c01849e498]
[04:30:02] [main/WARN] (Minecraft) Ambiguity between arguments [teleport, targets, location] and [teleport, targets, destination] with inputs: [0.1 -0.5 .9, 0 0 0]
[04:30:02] [main/INFO] (Minecraft) Reloading ResourceManager: Default, Fabric Mods (Fabric Tool Attribute API (v1))
[04:30:02] [main/INFO] (Minecraft) Loaded 7 recipes
[04:30:02] [main/INFO] (Minecraft) Loaded 927 advancements
[04:30:02] [main/INFO] (BiomeModificationImpl) Applied 0 biome modifications to 0 of 79 new biomes in 230.3 μs
[04:30:02] [main/INFO] (Minecraft) Environment: authHost='https://authserver.mojang.com', accountsHost='https://api.mojang.com', sessionHost='https://sessionserver.mojang.com', servicesHost='https://api.minecraftservices.com', name='PROD'
[04:30:02] [Server thread/INFO] (Minecraft) Starting integrated minecraft server version 1.16.5
[04:30:02] [Server thread/INFO] (Minecraft) Generating keypair
[04:30:02] [Server thread/INFO] (Minecraft) Preparing start region for dimension minecraft:overworld
[04:30:03] [main/INFO] (Minecraft) Preparing spawn area: 0%
[04:30:03] [Server thread/INFO] (Minecraft) [STDOUT]: [economiesmod] identity loaded from D:\EconomiesMod\EconomiesMod\run\config\economiesmod-identity-Alice.key
[04:30:03] [Server thread/INFO] (Minecraft) [STDOUT]: [peers] loaded 12 known peers
[04:30:03] [Server thread/INFO] (Minecraft) [STDOUT]: [economiesmod] local: replayed 12 events
[04:30:03] [main/INFO] (Minecraft) Time elapsed: 382 ms
[04:30:03] [Server thread/INFO] (Minecraft) Changing view distance to 11, from 10
[04:30:03] [Server thread/INFO] (Minecraft) Alice[local:E:5069df4a] logged in with entity id 1664 at (147.61143849075023, 78.0, -242.7950051399824)
[04:30:03] [Server thread/INFO] (Minecraft) Alice joined the game
[04:30:03] [Server thread/INFO] (Minecraft) Saving and pausing game...
[04:30:03] [Server thread/INFO] (Minecraft) Saving chunks for level 'ServerLevel[test4]'/minecraft:overworld
[04:30:03] [main/INFO] (Minecraft) Loaded 119 advancements
[04:30:03] [Server thread/INFO] (Minecraft) Saving chunks for level 'ServerLevel[test4]'/minecraft:the_nether
[04:30:03] [Server thread/INFO] (Minecraft) Saving chunks for level 'ServerLevel[test4]'/minecraft:the_end
[04:30:07] [Server thread/INFO] (Minecraft) Saving and pausing game...
[04:30:07] [Server thread/INFO] (Minecraft) Saving chunks for level 'ServerLevel[test4]'/minecraft:overworld
[04:30:07] [Server thread/INFO] (Minecraft) Saving chunks for level 'ServerLevel[test4]'/minecraft:the_nether
[04:30:07] [Server thread/INFO] (Minecraft) Saving chunks for level 'ServerLevel[test4]'/minecraft:the_end
[04:30:11] [market-host-start/INFO] (Minecraft) [STDOUT]: [economiesmod] hosting under the rules in D:\EconomiesMod\EconomiesMod\run\saves\test4\economiesmod\host-config.json
[04:30:11] [market-host-start/INFO] (Minecraft) [STDOUT]: [keys] loaded 1 known keys
[04:30:11] [market-host-start/INFO] (Minecraft) [STDOUT]: [host] this market publishes host rules, and they have been taken up where this host had not set its own — /trade hostconfig to see what is in force
[04:30:11] [market-host-start/INFO] (Minecraft) [STDOUT]: [host] serving 'newT' (64967350-3d2a-414b-84b4-79d738da59df) — replayed 12 events
[04:30:11] [market-host-start/INFO] (Minecraft) [STDERR]: [host] welcome grant mismatch: this market grants 1000, and welcomeGrant is set to 100 — the configured figure is not used here. The amount is the market's, recorded when it was created, so every host of it hands out the same one; this setting only chooses whether this server issues grants at all, and only sets the amount for a market it creates itself. Newcomers will receive 1000. To hand out 100, create a market with that figure (delete D:\EconomiesMod\EconomiesMod\run\saves\test4\.\economiesmod\market-3\market.jsonl first — that discards this market's history).
[04:30:11] [market-host/INFO] (Minecraft) [STDOUT]: [host] listening on port 25556
[04:30:11] [market-host-start/INFO] (Minecraft) [STDOUT]: [client] hello: lastSeq=12 appliedSeq=12 persist=false
[04:30:11] [market-client/INFO] (Minecraft) [STDOUT]: [host] connection from /127.0.0.1:64797
[04:30:11] [market-client/INFO] (Minecraft) [STDOUT]: [host] Alice reports 0.5h in a survival world with commands enabled (f938c5d8f57212fc)
[04:30:11] [market-client/INFO] (Minecraft) [STDOUT]: [host] synced 0 events to /127.0.0.1:64797
[04:30:11] [market-client/INFO] (Minecraft) [STDOUT]: [host] /127.0.0.1:64797 synced and live (1 connected)
[04:30:11] [market-host-start/INFO] (Minecraft) [STDOUT]: [economiesmod] connected to localhost:25556 at seq 12
[04:30:11] [market-host-start/INFO] (Minecraft) [STDOUT]: [economiesmod] hosting on port 25556
[04:30:12] [market-sequencer/INFO] (Minecraft) [STDOUT]: [host] deposit cap: 10920508-d5d8-3eed-93d2-92f193afe7d7 tried 2, has 1 left of 1
[04:30:12] [main/INFO] (Minecraft) [STDOUT]: [economiesmod] returned 2 minecraft:oak_log — the host refused that deposit
[04:30:20] [Server thread/INFO] (Minecraft) Saving and pausing game...
[04:30:20] [Server thread/INFO] (Minecraft) Saving chunks for level 'ServerLevel[test4]'/minecraft:overworld
[04:30:20] [Server thread/INFO] (Minecraft) Saving chunks for level 'ServerLevel[test4]'/minecraft:the_nether
[04:30:20] [Server thread/INFO] (Minecraft) Saving chunks for level 'ServerLevel[test4]'/minecraft:the_end
[04:30:40] [Server thread/INFO] (Minecraft) Saving and pausing game...
[04:30:40] [Server thread/INFO] (Minecraft) Saving chunks for level 'ServerLevel[test4]'/minecraft:overworld
[04:30:41] [Server thread/INFO] (Minecraft) Saving chunks for level 'ServerLevel[test4]'/minecraft:the_nether
[04:30:41] [Server thread/INFO] (Minecraft) Saving chunks for level 'ServerLevel[test4]'/minecraft:the_end
[04:30:41] [Server thread/INFO] (Minecraft) Alice lost connection: Disconnected
[04:30:41] [Server thread/INFO] (Minecraft) Alice left the game
[04:30:41] [Server thread/INFO] (Minecraft) Stopping singleplayer server as player logged out
[04:30:41] [Server thread/INFO] (Minecraft) [STDOUT]: [economiesmod] world stopping — shutting down
[04:30:41] [Server thread/INFO] (Minecraft) Stopping server
[04:30:41] [market-client/INFO] (Minecraft) [STDOUT]: [host] client disconnected (0 remain)
[04:30:41] [market-client-reader/INFO] (Minecraft) [STDERR]: [client] reader stopped: Socket closed
[04:30:41] [Server thread/INFO] (Minecraft) Saving players
[04:30:41] [Server thread/INFO] (Minecraft) Saving worlds
[04:30:41] [Server thread/INFO] (Minecraft) Saving chunks for level 'ServerLevel[test4]'/minecraft:overworld
[04:30:42] [Server thread/INFO] (Minecraft) ThreadedAnvilChunkStorage (test4): All chunks are saved
[04:30:42] [Server thread/INFO] (Minecraft) Saving chunks for level 'ServerLevel[test4]'/minecraft:the_nether
[04:30:42] [Server thread/INFO] (Minecraft) ThreadedAnvilChunkStorage (DIM-1): All chunks are saved
[04:30:42] [Server thread/INFO] (Minecraft) Saving chunks for level 'ServerLevel[test4]'/minecraft:the_end
[04:30:42] [Server thread/INFO] (Minecraft) ThreadedAnvilChunkStorage (DIM1): All chunks are saved
[04:30:42] [Server thread/INFO] (Minecraft) ThreadedAnvilChunkStorage (test4): All chunks are saved
[04:30:42] [Server thread/INFO] (Minecraft) ThreadedAnvilChunkStorage (DIM-1): All chunks are saved
[04:30:42] [Server thread/INFO] (Minecraft) ThreadedAnvilChunkStorage (DIM1): All chunks are saved
[04:31:05] [main/WARN] (Minecraft) Ambiguity between arguments [teleport, destination] and [teleport, targets] with inputs: [Player, 0123, @e, dd12be42-52a9-4a91-a8a1-11c01849e498]
[04:31:05] [main/WARN] (Minecraft) Ambiguity between arguments [teleport, location] and [teleport, destination] with inputs: [0.1 -0.5 .9, 0 0 0]
[04:31:05] [main/WARN] (Minecraft) Ambiguity between arguments [teleport, location] and [teleport, targets] with inputs: [0.1 -0.5 .9, 0 0 0]
[04:31:05] [main/WARN] (Minecraft) Ambiguity between arguments [teleport, targets] and [teleport, destination] with inputs: [Player, 0123, dd12be42-52a9-4a91-a8a1-11c01849e498]
[04:31:05] [main/WARN] (Minecraft) Ambiguity between arguments [teleport, targets, location] and [teleport, targets, destination] with inputs: [0.1 -0.5 .9, 0 0 0]
[04:31:05] [main/INFO] (Minecraft) Reloading ResourceManager: Default, Fabric Mods (Fabric Tool Attribute API (v1))
[04:31:05] [main/INFO] (Minecraft) Loaded 7 recipes
[04:31:05] [main/INFO] (Minecraft) Loaded 927 advancements
[04:31:05] [main/INFO] (BiomeModificationImpl) Applied 0 biome modifications to 0 of 79 new biomes in 159.2 μs
[04:31:06] [main/INFO] (Minecraft) Environment: authHost='https://authserver.mojang.com', accountsHost='https://api.mojang.com', sessionHost='https://sessionserver.mojang.com', servicesHost='https://api.minecraftservices.com', name='PROD'
[04:31:06] [Server thread/INFO] (Minecraft) Starting integrated minecraft server version 1.16.5
[04:31:06] [Server thread/INFO] (Minecraft) Generating keypair
[04:31:06] [Server thread/INFO] (Minecraft) Preparing start region for dimension minecraft:overworld
[04:31:06] [main/INFO] (Minecraft) Preparing spawn area: 0%
[04:31:06] [Server thread/INFO] (Minecraft) [STDOUT]: [economiesmod] identity loaded from D:\EconomiesMod\EconomiesMod\run\config\economiesmod-identity-Alice.key
[04:31:06] [Server thread/INFO] (Minecraft) [STDOUT]: [peers] loaded 12 known peers
[04:31:06] [Server thread/INFO] (Minecraft) [STDOUT]: [economiesmod] local: replayed 12 events
[04:31:06] [Server thread/INFO] (Minecraft) Changing view distance to 11, from 10
[04:31:08] [main/INFO] (Minecraft) Preparing spawn area: 96%
[04:31:08] [main/INFO] (Minecraft) Preparing spawn area: 96%
[04:31:08] [main/INFO] (Minecraft) Preparing spawn area: 96%
[04:31:08] [main/INFO] (Minecraft) Preparing spawn area: 96%
[04:31:08] [main/INFO] (Minecraft) Time elapsed: 2129 ms
[04:31:08] [Server thread/INFO] (Minecraft) Alice[local:E:563fca60] logged in with entity id 2140 at (148.23751375685146, 78.0, -242.65670598485264)
[04:31:08] [Server thread/INFO] (Minecraft) Alice joined the game
[04:31:08] [Server thread/INFO] (Minecraft) Saving and pausing game...
[04:31:08] [Server thread/INFO] (Minecraft) Saving chunks for level 'ServerLevel[test4]'/minecraft:overworld
[04:31:08] [main/INFO] (Minecraft) Loaded 119 advancements
[04:31:08] [Server thread/INFO] (Minecraft) Saving chunks for level 'ServerLevel[test4]'/minecraft:the_nether
[04:31:08] [Server thread/INFO] (Minecraft) Saving chunks for level 'ServerLevel[test4]'/minecraft:the_end
